SDC Constraints report for pcie_ed
Wed Mar 20 17:29:09 2024
Quartus Prime Version 23.4.1 Build 205 02/08/2024 SC Pro Edition


---------------------
; Table of Contents ;
---------------------
  1. Post-Elaboration Constraints
  2. Post-Synthesis Constraints



+--------------------------------------------------------------------------------------------------------------------------------+
; Post-Elaboration Constraints                                                                                                   ;
+---------------+--------------------------+-------------------------------------------------------------------------+-----------+
; Constraint ID ; Command                  ; Value and Target Options                                                ; File Name ;
+---------------+--------------------------+-------------------------------------------------------------------------+-----------+
; 0             ; SDC::stmt_of_source_file ; [-qip] { sandboxes/24020_0/sld/ipgen/alt_sld_fab_0/alt_sld_fab_0.qip }  ; :0        ;
+---------------+--------------------------+-------------------------------------------------------------------------+-----------+


+--------------------------------------------------------------------------------------------------------------------------------+
; Post-Synthesis Constraints                                                                                                     ;
+---------------+--------------------------+-------------------------------------------------------------------------+-----------+
; Constraint ID ; Command                  ; Value and Target Options                                                ; File Name ;
+---------------+--------------------------+-------------------------------------------------------------------------+-----------+
; 0             ; SDC::stmt_of_source_file ; [-qip] { sandboxes/24020_0/sld/ipgen/alt_sld_fab_0/alt_sld_fab_0.qip }  ; :0        ;
+---------------+--------------------------+-------------------------------------------------------------------------+-----------+


