------------------------------------------------------------
Timing Analyzer Summary
------------------------------------------------------------

Type  : Setup 'iopll0|iopll0_outclk1'
Slack : 0.265
TNS   : 0.000
Corner: Slow fix4 0C Model

Type  : Setup 'dut|dut|coreclkout_hip_pld_clk'
Slack : 0.274
TNS   : 0.000
Corner: Slow fix4 0C Model

Type  : Setup 'pio0|pio0|pio_clkCtrl|intel_pio_clkctrl|clkdiv_inst|clock_div2'
Slack : 2.516
TNS   : 0.000
Corner: Slow fix4 0C Model

Type  : Setup 'dut|dut_avmm_clock0'
Slack : 6.553
TNS   : 0.000
Corner: Slow fix4 0C Model

Type  : Hold 'dut|dut|coreclkout_hip_pld_clk'
Slack : 0.046
TNS   : 0.000
Corner: Fast fix4 0C Model

Type  : Hold 'pio0|pio0|pio_clkCtrl|intel_pio_clkctrl|clkdiv_inst|clock_div2'
Slack : 0.049
TNS   : 0.000
Corner: Fast fix4 0C Model

Type  : Hold 'iopll0|iopll0_outclk1'
Slack : 0.113
TNS   : 0.000
Corner: Fast fix4 0C Model

Type  : Hold 'dut|dut_avmm_clock0'
Slack : 0.119
TNS   : 0.000
Corner: Fast fix4 0C Model

Type  : Recovery 'iopll0|iopll0_outclk1'
Slack : 0.388
TNS   : 0.000
Corner: Slow fix4 0C Model

Type  : Recovery 'dut|dut|coreclkout_hip_pld_clk'
Slack : 0.697
TNS   : 0.000
Corner: Slow fix4 0C Model

Type  : Recovery 'pio0|pio0|pio_clkCtrl|intel_pio_clkctrl|clkdiv_inst|clock_div2'
Slack : 3.166
TNS   : 0.000
Corner: Slow fix4 0C Model

Type  : Removal 'iopll0|iopll0_outclk1'
Slack : 0.185
TNS   : 0.000
Corner: Fast fix4 0C Model

Type  : Removal 'dut|dut|coreclkout_hip_pld_clk'
Slack : 0.188
TNS   : 0.000
Corner: Fast fix4 0C Model

Type  : Removal 'pio0|pio0|pio_clkCtrl|intel_pio_clkctrl|clkdiv_inst|clock_div2'
Slack : 0.306
TNS   : 0.000
Corner: Fast fix4 0C Model

Type  : Setup Data Delay 'iopll0|iopll0_outclk1'
Slack : -0.224
TNS   : -0.226
Corner: Slow fix4 0C Model

Type  : Setup Data Delay 'dut|dut|coreclkout_hip_pld_clk'
Slack : 1.957
TNS   : 0.000
Corner: Slow fix4 0C Model

Type  : Setup Data Delay 'pio0|pio0|pio_clkCtrl|intel_pio_clkctrl|clkdiv_inst|clock_div2'
Slack : 4.269
TNS   : 0.000
Corner: Slow fix4 0C Model

Type  : Setup Data Delay 'dut|dut_avmm_clock0'
Slack : 6.667
TNS   : 0.000
Corner: Slow fix4 0C Model

Type  : Recovery Data Delay 'dut|dut|coreclkout_hip_pld_clk'
Slack : 1.312
TNS   : 0.000
Corner: Slow fix4 0C Model

Type  : Recovery Data Delay 'iopll0|iopll0_outclk1'
Slack : 1.472
TNS   : 0.000
Corner: Slow fix4 0C Model

Type  : Recovery Data Delay 'dut|dut_avmm_clock0'
Slack : 5.131
TNS   : 0.000
Corner: Slow fix4 0C Model

Type  : Minimum Pulse Width 'dut|dut_avmm_clock0'
Slack : 0.510
TNS   : 0.000
Corner: Slow fix4 100C Model

Type  : Minimum Pulse Width 'dut|dut|coreclkout_hip_pld_clk'
Slack : 0.664
TNS   : 0.000
Corner: Slow fix4 100C Model

Type  : Minimum Pulse Width 'iopll0|iopll0_outclk1'
Slack : 0.789
TNS   : 0.000
Corner: Slow fix4 0C Model

Type  : Minimum Pulse Width 'dut|dut|coreclkout_hip_pld_clk_reg'
Slack : 1.029
TNS   : 0.000
Corner: Slow fix4 100C Model

Type  : Minimum Pulse Width 'iopll0|iopll0_outclk0'
Slack : 1.444
TNS   : 0.000
Corner: Slow fix4 0C Model

Type  : Minimum Pulse Width 'pio0|pio0|pio_clkCtrl|intel_pio_clkctrl|clkdiv_inst|clock_div2'
Slack : 2.358
TNS   : 0.000
Corner: Slow fix4 0C Model

Type  : Minimum Pulse Width 'internal_clk'
Slack : 2.415
TNS   : 0.000
Corner: Slow fix4 0C Model

Type  : Minimum Pulse Width 'iopll0|iopll0|tennm_ph2_iopll|ref_clk0'
Slack : 4.609
TNS   : 0.000
Corner: Slow fix4 100C Model

Type  : Minimum Pulse Width 'iopll0|iopll0_refclk'
Slack : 4.786
TNS   : 0.000
Corner: Slow fix4 0C Model

Type  : Minimum Pulse Width 'iopll0|iopll0_n_cnt_clk'
Slack : 49.255
TNS   : 0.000
Corner: Slow fix4 0C Model

Type  : Minimum Pulse Width 'iopll0|iopll0_m_cnt_clk'
Slack : 70499.644
TNS   : 0.000
Corner: Slow fix4 0C Model

Type  : Slow fix4 100C Model Max Skew 'set_max_skew'
Slack : 1.689

Type  : Slow fix4 100C Model Max Skew 'set_max_skew'
Slack : 1.717

Type  : Slow fix4 100C Model Max Skew 'set_max_skew'
Slack : 1.754

Type  : Slow fix4 100C Model Max Skew 'set_max_skew'
Slack : 1.765

Type  : Slow fix4 100C Model Max Skew 'set_max_skew'
Slack : 1.785

Type  : Slow fix4 100C Model Max Skew 'set_max_skew'
Slack : 1.808

Type  : Slow fix4 100C Model Max Skew 'set_max_skew'
Slack : 1.808

Type  : Slow fix4 100C Model Max Skew 'set_max_skew'
Slack : 1.823

Type  : Slow fix4 100C Model Max Skew 'set_max_skew'
Slack : 1.823

Type  : Slow fix4 100C Model Max Skew 'set_max_skew'
Slack : 1.835

Type  : Slow fix4 100C Model Max Skew 'set_max_skew'
Slack : 1.870

Type  : Slow fix4 100C Model Max Skew 'set_max_skew'
Slack : 1.898

Type  : Slow fix4 100C Model Max Skew 'set_max_skew'
Slack : 1.920

Type  : Slow fix4 100C Model Max Skew 'set_max_skew'
Slack : 1.969

Type  : Slow fix4 100C Model Max Skew 'set_max_skew'
Slack : 1.976

Type  : Slow fix4 100C Model Max Skew 'set_max_skew'
Slack : 4.067

Type  : Slow fix4 100C Model Max Skew 'set_max_skew'
Slack : 4.067

Type  : Slow fix4 100C Model Max Skew 'set_max_skew'
Slack : 4.263

Type  : Slow fix4 100C Model Max Skew 'set_max_skew'
Slack : 4.301

Type  : Slow fix4 100C Model Max Skew 'set_max_skew'
Slack : 4.301

Type  : Slow fix4 0C Model Max Skew 'set_max_skew'
Slack : 1.606

Type  : Slow fix4 0C Model Max Skew 'set_max_skew'
Slack : 1.635

Type  : Slow fix4 0C Model Max Skew 'set_max_skew'
Slack : 1.673

Type  : Slow fix4 0C Model Max Skew 'set_max_skew'
Slack : 1.716

Type  : Slow fix4 0C Model Max Skew 'set_max_skew'
Slack : 1.723

Type  : Slow fix4 0C Model Max Skew 'set_max_skew'
Slack : 1.730

Type  : Slow fix4 0C Model Max Skew 'set_max_skew'
Slack : 1.730

Type  : Slow fix4 0C Model Max Skew 'set_max_skew'
Slack : 1.736

Type  : Slow fix4 0C Model Max Skew 'set_max_skew'
Slack : 1.736

Type  : Slow fix4 0C Model Max Skew 'set_max_skew'
Slack : 1.772

Type  : Slow fix4 0C Model Max Skew 'set_max_skew'
Slack : 1.801

Type  : Slow fix4 0C Model Max Skew 'set_max_skew'
Slack : 1.840

Type  : Slow fix4 0C Model Max Skew 'set_max_skew'
Slack : 1.848

Type  : Slow fix4 0C Model Max Skew 'set_max_skew'
Slack : 1.896

Type  : Slow fix4 0C Model Max Skew 'set_max_skew'
Slack : 1.906

Type  : Slow fix4 0C Model Max Skew 'set_max_skew'
Slack : 3.991

Type  : Slow fix4 0C Model Max Skew 'set_max_skew'
Slack : 3.991

Type  : Slow fix4 0C Model Max Skew 'set_max_skew'
Slack : 4.200

Type  : Slow fix4 0C Model Max Skew 'set_max_skew'
Slack : 4.243

Type  : Slow fix4 0C Model Max Skew 'set_max_skew'
Slack : 4.243

Type  : Fast fix4 0C Model Max Skew 'set_max_skew'
Slack : 1.922

Type  : Fast fix4 0C Model Max Skew 'set_max_skew'
Slack : 1.944

Type  : Fast fix4 0C Model Max Skew 'set_max_skew'
Slack : 1.976

Type  : Fast fix4 0C Model Max Skew 'set_max_skew'
Slack : 1.994

Type  : Fast fix4 0C Model Max Skew 'set_max_skew'
Slack : 1.999

Type  : Fast fix4 0C Model Max Skew 'set_max_skew'
Slack : 2.025

Type  : Fast fix4 0C Model Max Skew 'set_max_skew'
Slack : 2.038

Type  : Fast fix4 0C Model Max Skew 'set_max_skew'
Slack : 2.038

Type  : Fast fix4 0C Model Max Skew 'set_max_skew'
Slack : 2.064

Type  : Fast fix4 0C Model Max Skew 'set_max_skew'
Slack : 2.064

Type  : Fast fix4 0C Model Max Skew 'set_max_skew'
Slack : 2.097

Type  : Fast fix4 0C Model Max Skew 'set_max_skew'
Slack : 2.107

Type  : Fast fix4 0C Model Max Skew 'set_max_skew'
Slack : 2.108

Type  : Fast fix4 0C Model Max Skew 'set_max_skew'
Slack : 2.129

Type  : Fast fix4 0C Model Max Skew 'set_max_skew'
Slack : 2.134

Type  : Fast fix4 0C Model Max Skew 'set_max_skew'
Slack : 4.315

Type  : Fast fix4 0C Model Max Skew 'set_max_skew'
Slack : 4.315

Type  : Fast fix4 0C Model Max Skew 'set_max_skew'
Slack : 4.424

Type  : Fast fix4 0C Model Max Skew 'set_max_skew'
Slack : 4.440

Type  : Fast fix4 0C Model Max Skew 'set_max_skew'
Slack : 4.440

Type  : Fast fix4 100C Model Max Skew 'set_max_skew'
Slack : 1.912

Type  : Fast fix4 100C Model Max Skew 'set_max_skew'
Slack : 1.936

Type  : Fast fix4 100C Model Max Skew 'set_max_skew'
Slack : 1.955

Type  : Fast fix4 100C Model Max Skew 'set_max_skew'
Slack : 1.985

Type  : Fast fix4 100C Model Max Skew 'set_max_skew'
Slack : 1.995

Type  : Fast fix4 100C Model Max Skew 'set_max_skew'
Slack : 2.014

Type  : Fast fix4 100C Model Max Skew 'set_max_skew'
Slack : 2.032

Type  : Fast fix4 100C Model Max Skew 'set_max_skew'
Slack : 2.032

Type  : Fast fix4 100C Model Max Skew 'set_max_skew'
Slack : 2.055

Type  : Fast fix4 100C Model Max Skew 'set_max_skew'
Slack : 2.055

Type  : Fast fix4 100C Model Max Skew 'set_max_skew'
Slack : 2.094

Type  : Fast fix4 100C Model Max Skew 'set_max_skew'
Slack : 2.096

Type  : Fast fix4 100C Model Max Skew 'set_max_skew'
Slack : 2.101

Type  : Fast fix4 100C Model Max Skew 'set_max_skew'
Slack : 2.127

Type  : Fast fix4 100C Model Max Skew 'set_max_skew'
Slack : 2.128

Type  : Fast fix4 100C Model Max Skew 'set_max_skew'
Slack : 4.298

Type  : Fast fix4 100C Model Max Skew 'set_max_skew'
Slack : 4.298

Type  : Fast fix4 100C Model Max Skew 'set_max_skew'
Slack : 4.421

Type  : Fast fix4 100C Model Max Skew 'set_max_skew'
Slack : 4.438

Type  : Fast fix4 100C Model Max Skew 'set_max_skew'
Slack : 4.438

Type  : Net Delay 'set_net_delay'
Slack : 1.444

Type  : Net Delay 'set_net_delay'
Slack : 1.452

Type  : Net Delay 'set_net_delay'
Slack : 1.452

Type  : Net Delay 'set_net_delay'
Slack : 1.473

Type  : Net Delay 'set_net_delay'
Slack : 1.488

Type  : Net Delay 'set_net_delay'
Slack : 1.503

Type  : Net Delay 'set_net_delay'
Slack : 1.513

Type  : Net Delay 'set_net_delay'
Slack : 1.521

Type  : Net Delay 'set_net_delay'
Slack : 1.521

Type  : Net Delay 'set_net_delay'
Slack : 1.524

Type  : Net Delay 'set_net_delay'
Slack : 1.551

Type  : Net Delay 'set_net_delay'
Slack : 1.551

Type  : Net Delay 'set_net_delay'
Slack : 1.607

Type  : Net Delay 'set_net_delay'
Slack : 1.650

Type  : Net Delay 'set_net_delay'
Slack : 1.653

Type  : Net Delay 'set_net_delay'
Slack : 1.653

Type  : Net Delay 'set_net_delay'
Slack : 1.729

Type  : Net Delay 'set_net_delay'
Slack : 1.729

Type  : Net Delay 'set_net_delay'
Slack : 1.743

Type  : Net Delay 'set_net_delay'
Slack : 1.769

Type  : Net Delay 'set_net_delay'
Slack : 1.806

Type  : Net Delay 'set_net_delay'
Slack : 1.817

Type  : Net Delay 'set_net_delay'
Slack : 1.833

Type  : Net Delay 'set_net_delay'
Slack : 1.850

Type  : Net Delay 'set_net_delay'
Slack : 1.850

Type  : Net Delay 'set_net_delay'
Slack : 1.860

Type  : Net Delay 'set_net_delay'
Slack : 2.429

Type  : Net Delay 'set_net_delay'
Slack : 2.442

Type  : Net Delay 'set_net_delay'
Slack : 3.722

Type  : Net Delay 'set_net_delay'
Slack : 3.722

Type  : Net Delay 'set_net_delay'
Slack : 3.753

Type  : Net Delay 'set_net_delay'
Slack : 3.753

Type  : Net Delay 'set_net_delay'
Slack : 3.981

Type  : Net Delay 'set_net_delay'
Slack : 3.981

Type  : Net Delay 'set_net_delay'
Slack : 4.015

Type  : Net Delay 'set_net_delay'
Slack : 4.015

Type  : Net Delay 'set_net_delay'
Slack : 4.080

------------------------------------------------------------
