Flow report for pcie_ed
Wed Mar 20 17:29:09 2024
Quartus Prime Version 23.4.1 Build 205 02/08/2024 SC Pro Edition


---------------------
; Table of Contents ;
---------------------
  1. Legal Notice
  2. Flow Summary
  3. Flow Settings
  4. Flow Non-Default Global Settings
  5. Flow Elapsed Time
  6. Flow OS Summary
  7. Flow Log



----------------
; Legal Notice ;
----------------
Copyright (C) 2024  Intel Corporation. All rights reserved.
Your use of Intel Corporation's design tools, logic functions 
and other software and tools, and any partner logic 
functions, and any output files from any of the foregoing 
(including device programming or simulation files), and any 
associated documentation or information are expressly subject 
to the terms and conditions of the Intel Program License 
Subscription Agreement, the Intel Quartus Prime License Agreement,
the Intel FPGA IP License Agreement, or other applicable license
agreement, including, without limitation, that your use is for
the sole purpose of programming logic devices manufactured by
Intel and sold by Intel or its authorized distributors.  Please
refer to the Intel FPGA Software License Subscription Agreements 
on the Quartus Prime software download page.



+------------------------------------------------------------------------------+
; Flow Summary                                                                 ;
+---------------------------------+--------------------------------------------+
; Flow Status                     ; Successful - Wed Mar 20 17:29:09 2024      ;
; Quartus Prime Version           ; 23.4.1 Build 205 02/08/2024 SC Pro Edition ;
; Revision Name                   ; pcie_ed                                    ;
; Top-level Entity Name           ; pcie_ed                                    ;
; Family                          ; Agilex 5                                   ;
; Device                          ; A5ED065BB32AE4SR0                          ;
; Timing Models                   ; Preliminary                                ;
; Power Models                    ; Preliminary                                ;
; Device Status                   ; Preliminary                                ;
; Logic utilization (in ALMs)     ; 10,810 / 222,400 ( 5 % )                   ;
; Total dedicated logic registers ; 30707                                      ;
; Total pins                      ; 21 / 624 ( 3 % )                           ;
; Total block memory bits         ; 1,071,912 / 32,993,280 ( 3 % )             ;
; Total RAM Blocks                ; 186 / 1,611 ( 12 % )                       ;
; Total DSP Blocks                ; 0 / 846 ( 0 % )                            ;
; Total GTS Transceiver Channels  ; 4 / 24 ( 17 % )                            ;
; Total HSSI Ethernet Channels    ; 0 / 6 ( 0 % )                              ;
; Total HSSI PCIEs                ; 1 / 6 ( 17 % )                             ;
; Total HSSI HPS                  ; 0 / 1 ( 0 % )                              ;
; Total PLLs                      ; 1 / 15 ( 7 % )                             ;
+---------------------------------+--------------------------------------------+


+-----------------------------------------+
; Flow Settings                           ;
+-------------------+---------------------+
; Option            ; Setting             ;
+-------------------+---------------------+
; Start date & time ; 03/20/2024 17:19:14 ;
; Main task         ; Compilation         ;
; Revision Name     ; pcie_ed             ;
+-------------------+---------------------+


+-------------------------------------------------------------------------------------------------------------------------------------------------------------------------------------------------------------+
; Flow Non-Default Global Settings                                                                                                                                                                            ;
+-----------------------+------------------------------------------------------------------------------------------------------------------------------------------+---------------+-------------+------------+
; Assignment Name       ; Value                                                                                                                                    ; Default Value ; Entity Name ; Section Id ;
+-----------------------+------------------------------------------------------------------------------------------------------------------------------------------+---------------+-------------+------------+
; COMPILER_SIGNATURE_ID ; 189741481947821.171097322924020                                                                                                          ; --            ; --          ; --         ;
; MISC_FILE             ; C:/projects/axe5_eagle/pcie/pcie_ed/ip/pcie_ed/pcie_ed_MEM0/pcie_ed_MEM0.cmp                                                             ; --            ; --          ; --         ;
; MISC_FILE             ; C:/projects/axe5_eagle/pcie/pcie_ed/ip/pcie_ed/pcie_ed_MEM0.ip                                                                           ; --            ; --          ; --         ;
; MISC_FILE             ; C:/projects/axe5_eagle/pcie/pcie_ed/ip/pcie_ed/pcie_ed_dut/pcie_ed_dut.cmp                                                               ; --            ; --          ; --         ;
; MISC_FILE             ; C:/projects/axe5_eagle/pcie/pcie_ed/ip/pcie_ed/pcie_ed_dut.ip                                                                            ; --            ; --          ; --         ;
; MISC_FILE             ; C:/projects/axe5_eagle/pcie/pcie_ed/ip/pcie_ed/pcie_ed_iopll0/pcie_ed_iopll0.cmp                                                         ; --            ; --          ; --         ;
; MISC_FILE             ; C:/projects/axe5_eagle/pcie/pcie_ed/ip/pcie_ed/pcie_ed_iopll0.ip                                                                         ; --            ; --          ; --         ;
; MISC_FILE             ; C:/projects/axe5_eagle/pcie/pcie_ed/ip/pcie_ed/pcie_ed_pio0/pcie_ed_pio0.cmp                                                             ; --            ; --          ; --         ;
; MISC_FILE             ; C:/projects/axe5_eagle/pcie/pcie_ed/ip/pcie_ed/pcie_ed_pio0.ip                                                                           ; --            ; --          ; --         ;
; MISC_FILE             ; C:/projects/axe5_eagle/pcie/pcie_ed/ip/pcie_ed/pcie_ed_resetIP/pcie_ed_resetIP.cmp                                                       ; --            ; --          ; --         ;
; MISC_FILE             ; C:/projects/axe5_eagle/pcie/pcie_ed/ip/pcie_ed/pcie_ed_resetIP.ip                                                                        ; --            ; --          ; --         ;
; MISC_FILE             ; C:/projects/axe5_eagle/pcie/pcie_ed/ip/pcie_ed/pcie_ed_srcssIP/pcie_ed_srcssIP.cmp                                                       ; --            ; --          ; --         ;
; MISC_FILE             ; C:/projects/axe5_eagle/pcie/pcie_ed/ip/pcie_ed/pcie_ed_srcssIP.ip                                                                        ; --            ; --          ; --         ;
; MISC_FILE             ; C:/projects/axe5_eagle/pcie/pcie_ed/ip/pcie_ed/pcie_ed_syspll/pcie_ed_syspll.cmp                                                         ; --            ; --          ; --         ;
; MISC_FILE             ; C:/projects/axe5_eagle/pcie/pcie_ed/ip/pcie_ed/pcie_ed_syspll.ip                                                                         ; --            ; --          ; --         ;
; MISC_FILE             ; C:/projects/axe5_eagle/pcie/pcie_ed/pcie_ed/pcie_ed.cmp                                                                                  ; --            ; --          ; --         ;
; MISC_FILE             ; C:/projects/axe5_eagle/pcie/pcie_ed/pcie_ed.qsys                                                                                         ; --            ; --          ; --         ;
; MISC_FILE             ; C:/projects/axe5_eagle/pcie/pcie_ed/sandboxes/24020_0/sld/ipgen/alt_sld_fab_0/alt_sld_fab_0.cmp                                          ; --            ; --          ; --         ;
; MISC_FILE             ; C:/projects/axe5_eagle/pcie/pcie_ed/sandboxes/24020_0/sld/ipgen/alt_sld_fab_0.ip                                                         ; --            ; --          ; --         ;
; SOPCINFO_FILE         ; C:/projects/axe5_eagle/pcie/pcie_ed/ip/pcie_ed/pcie_ed_MEM0/pcie_ed_MEM0.sopcinfo                                                        ; --            ; --          ; --         ;
; SOPCINFO_FILE         ; C:/projects/axe5_eagle/pcie/pcie_ed/ip/pcie_ed/pcie_ed_dut/pcie_ed_dut.sopcinfo                                                          ; --            ; --          ; --         ;
; SOPCINFO_FILE         ; C:/projects/axe5_eagle/pcie/pcie_ed/ip/pcie_ed/pcie_ed_iopll0/pcie_ed_iopll0.sopcinfo                                                    ; --            ; --          ; --         ;
; SOPCINFO_FILE         ; C:/projects/axe5_eagle/pcie/pcie_ed/ip/pcie_ed/pcie_ed_pio0/pcie_ed_pio0.sopcinfo                                                        ; --            ; --          ; --         ;
; SOPCINFO_FILE         ; C:/projects/axe5_eagle/pcie/pcie_ed/ip/pcie_ed/pcie_ed_resetIP/pcie_ed_resetIP.sopcinfo                                                  ; --            ; --          ; --         ;
; SOPCINFO_FILE         ; C:/projects/axe5_eagle/pcie/pcie_ed/ip/pcie_ed/pcie_ed_srcssIP/pcie_ed_srcssIP.sopcinfo                                                  ; --            ; --          ; --         ;
; SOPCINFO_FILE         ; C:/projects/axe5_eagle/pcie/pcie_ed/ip/pcie_ed/pcie_ed_syspll/pcie_ed_syspll.sopcinfo                                                    ; --            ; --          ; --         ;
; SOPCINFO_FILE         ; C:/projects/axe5_eagle/pcie/pcie_ed/pcie_ed/pcie_ed.sopcinfo                                                                             ; --            ; --          ; --         ;
; SOPCINFO_FILE         ; C:/projects/axe5_eagle/pcie/pcie_ed/sandboxes/24020_0/sld/ipgen/alt_sld_fab_0/alt_sld_fab_0.sopcinfo                                     ; --            ; --          ; --         ;
; SPD_FILE              ; C:/projects/axe5_eagle/pcie/pcie_ed/ip/pcie_ed/pcie_ed_MEM0/pcie_ed_MEM0.spd                                                             ; --            ; --          ; --         ;
; SPD_FILE              ; C:/projects/axe5_eagle/pcie/pcie_ed/ip/pcie_ed/pcie_ed_pio0/pcie_ed_pio0.spd                                                             ; --            ; --          ; --         ;
; SPD_FILE              ; C:/projects/axe5_eagle/pcie/pcie_ed/ip/pcie_ed/pcie_ed_iopll0/pcie_ed_iopll0.spd                                                         ; --            ; --          ; --         ;
; SPD_FILE              ; C:/projects/axe5_eagle/pcie/pcie_ed/ip/pcie_ed/pcie_ed_srcssIP/pcie_ed_srcssIP.spd                                                       ; --            ; --          ; --         ;
; SPD_FILE              ; C:/projects/axe5_eagle/pcie/pcie_ed/ip/pcie_ed/pcie_ed_resetIP/pcie_ed_resetIP.spd                                                       ; --            ; --          ; --         ;
; SPD_FILE              ; C:/projects/axe5_eagle/pcie/pcie_ed/ip/pcie_ed/pcie_ed_syspll/pcie_ed_syspll.spd                                                         ; --            ; --          ; --         ;
; SPD_FILE              ; C:/projects/axe5_eagle/pcie/pcie_ed/ip/pcie_ed/pcie_ed_dut/pcie_ed_dut.spd                                                               ; --            ; --          ; --         ;
; SPD_FILE              ; C:/projects/axe5_eagle/pcie/pcie_ed/pcie_ed_rp/ip/pcie_top/sm/sm.spd                                                                     ; --            ; --          ; --         ;
; SPD_FILE              ; C:/projects/axe5_eagle/pcie/pcie_ed/pcie_ed_rp/pcie_top/pcie_top.spd                                                                     ; --            ; --          ; --         ;
; SPD_FILE              ; C:/projects/axe5_eagle/pcie/pcie_ed/pcie_ed_rp/ip/pcie_top/syspll/syspll.spd                                                             ; --            ; --          ; --         ;
; SPD_FILE              ; C:/projects/axe5_eagle/pcie/pcie_ed/pcie_ed_rp/ip/pcie_top/srcssIP/srcssIP.spd                                                           ; --            ; --          ; --         ;
; SPD_FILE              ; C:/projects/axe5_eagle/pcie/pcie_ed/pcie_ed/pcie_ed.spd                                                                                  ; --            ; --          ; --         ;
; SPD_FILE              ; C:/projects/axe5_eagle/pcie/pcie_ed/pcie_ed_tb/ip/pcie_ed_tb/dut_pcie_tb_ip/dut_pcie_tb_ip.spd                                           ; --            ; --          ; --         ;
; SPD_FILE              ; C:/projects/axe5_eagle/pcie/pcie_ed/pcie_ed_tb/ip/pcie_ed_tb/pcie_ed_inst_refclk0_bfm_ip/pcie_ed_inst_refclk0_bfm_ip.spd                 ; --            ; --          ; --         ;
; SPD_FILE              ; C:/projects/axe5_eagle/pcie/pcie_ed/pcie_ed_tb/ip/pcie_ed_tb/pcie_ed_inst_refclk_xcvr_bfm_ip/pcie_ed_inst_refclk_xcvr_bfm_ip.spd         ; --            ; --          ; --         ;
; SPD_FILE              ; C:/projects/axe5_eagle/pcie/pcie_ed/pcie_ed_tb/ip/pcie_ed_tb/pcie_ed_inst_pin_perst_n_bfm_ip/pcie_ed_inst_pin_perst_n_bfm_ip.spd         ; --            ; --          ; --         ;
; SPD_FILE              ; C:/projects/axe5_eagle/pcie/pcie_ed/pcie_ed_tb/ip/pcie_ed_tb/pcie_ed_inst_i_gpio_perst0_n_bfm_ip/pcie_ed_inst_i_gpio_perst0_n_bfm_ip.spd ; --            ; --          ; --         ;
; SPD_FILE              ; C:/projects/axe5_eagle/pcie/pcie_ed/pcie_ed_tb/ip/pcie_ed_tb/pcie_ed_inst_refclk_bfm_ip/pcie_ed_inst_refclk_bfm_ip.spd                   ; --            ; --          ; --         ;
; SPD_FILE              ; C:/projects/axe5_eagle/pcie/pcie_ed/pcie_ed_tb/pcie_ed_tb/pcie_ed_tb.spd                                                                 ; --            ; --          ; --         ;
+-----------------------+------------------------------------------------------------------------------------------------------------------------------------------+---------------+-------------+------------+


+------------------------------------------------------+
; Flow Elapsed Time                                    ;
+-----------------+--------------+---------------------+
; Module Name     ; Elapsed Time ; Peak Virtual Memory ;
+-----------------+--------------+---------------------+
; Synthesis       ; 00:01:50     ; 1854 MB             ;
; Fitter          ; 00:07:16     ; 8777 MB             ;
; Timing Analyzer ; 00:00:16     ; 2171 MB             ;
; Assembler       ; 00:00:25     ; 2881 MB             ;
; Total           ; 00:09:47     ; --                  ;
+-----------------+--------------+---------------------+


+-------------------------------------------------------------------------------+
; Flow OS Summary                                                               ;
+-----------------+------------------+------------+------------+----------------+
; Module Name     ; Machine Hostname ; OS Name    ; OS Version ; Processor type ;
+-----------------+------------------+------------+------------+----------------+
; Synthesis       ; 8GZ15X3          ; Windows 11 ; 10.0.22621 ; x86_64         ;
; Fitter          ; 8GZ15X3          ; Windows 11 ; 10.0.22621 ; x86_64         ;
; Timing Analyzer ; 8GZ15X3          ; Windows 11 ; 10.0.22621 ; x86_64         ;
; Assembler       ; 8GZ15X3          ; Windows 11 ; 10.0.22621 ; x86_64         ;
+-----------------+------------------+------------+------------+----------------+


------------
; Flow Log ;
------------
quartus_syn --dni --read_settings_files=on --write_settings_files=off pcie_ed -c pcie_ed
quartus_fit --read_settings_files=on --write_settings_files=off pcie_ed -c pcie_ed
quartus_sta pcie_ed -c pcie_ed --mode=finalize
quartus_asm --read_settings_files=on --write_settings_files=off pcie_ed -c pcie_ed



