Fitter Retime Stage Report for pcie_ed
Wed Mar 20 17:27:37 2024
Quartus Prime Version 23.4.1 Build 205 02/08/2024 SC Pro Edition


---------------------
; Table of Contents ;
---------------------
  1. Legal Notice
  2. Hyper-Retimer Settings
  3. Reset Sequence Requirement
  4. Retiming Limit Summary
  5. Critical Chain Summary for Transfer from internal_clk to iopll0|iopll0_outclk1
  6. Clock Domain dut|dut|coreclkout_hip_pld_clk (Meets timing requirements: No further analysis performed.)
  7. Clock Domain iopll0|iopll0_outclk1 (Meets timing requirements: No further analysis performed.)
  8. Transfer from dut|dut|coreclkout_hip_pld_clk to iopll0|iopll0_outclk1 (Meets timing requirements: No further analysis performed.)
  9. Transfer from dut|dut_avmm_clock0 to dut|dut|coreclkout_hip_pld_clk (Meets timing requirements: No further analysis performed.)
 10. Clock Domain pio0|pio0|pio_clkCtrl|intel_pio_clkctrl|clkdiv_inst|clock_div2 (Meets timing requirements: No further analysis performed.)
 11. Transfer from iopll0|iopll0_outclk1 to pio0|pio0|pio_clkCtrl|intel_pio_clkctrl|clkdiv_inst|clock_div2 (Meets timing requirements: No further analysis performed.)
 12. Clock Domain dut|dut_avmm_clock0 (Meets timing requirements: No further analysis performed.)
 13. Transfer from dut|dut|coreclkout_hip_pld_clk to dut|dut_avmm_clock0 (Meets timing requirements: No further analysis performed.)
 14. Transfer from pio0|pio0|pio_clkCtrl|intel_pio_clkctrl|clkdiv_inst|clock_div2 to dut|dut|coreclkout_hip_pld_clk (Meets timing requirements: No further analysis performed.)
 15. Transfer from dut|dut|coreclkout_hip_pld_clk to pio0|pio0|pio_clkCtrl|intel_pio_clkctrl|clkdiv_inst|clock_div2 (Meets timing requirements: No further analysis performed.)
 16. Hyper-Retimer INI Usage
 17. Retime Messages



----------------
; Legal Notice ;
----------------
Copyright (C) 2024  Intel Corporation. All rights reserved.
Your use of Intel Corporation's design tools, logic functions 
and other software and tools, and any partner logic 
functions, and any output files from any of the foregoing 
(including device programming or simulation files), and any 
associated documentation or information are expressly subject 
to the terms and conditions of the Intel Program License 
Subscription Agreement, the Intel Quartus Prime License Agreement,
the Intel FPGA IP License Agreement, or other applicable license
agreement, including, without limitation, that your use is for
the sole purpose of programming logic devices manufactured by
Intel and sold by Intel or its authorized distributors.  Please
refer to the Intel FPGA Software License Subscription Agreements 
on the Quartus Prime software download page.



+--------------------------------------------------+
; Hyper-Retimer Settings                           ;
+------------------------+---------+---------------+
; Option                 ; Setting ; Default Value ;
+------------------------+---------+---------------+
; Enable Auto-Pipelining ; On      ; On            ;
+------------------------+---------+---------------+


+----------------------------------------------------------------------------------------------+
; Reset Sequence Requirement                                                                   ;
+----------------------------------------------------------------+-----------------------------+
; Clock Name                                                     ; Number of additional cycles ;
+----------------------------------------------------------------+-----------------------------+
; dut|dut|coreclkout_hip_pld_clk_ref                             ; 0                           ;
; dut|dut|coreclkout_hip_pld_clk_reg                             ; 0                           ;
; dut|dut|coreclkout_hip_pld_clk                                 ; 3                           ;
; dut|dut_avmm_clock0                                            ; 0                           ;
; internal_clk                                                   ; 0                           ;
; pio0|pio0|pio_clkCtrl|intel_pio_clkctrl|clkdiv_inst|clock_div1 ; 0                           ;
; pio0|pio0|pio_clkCtrl|intel_pio_clkctrl|clkdiv_inst|clock_div2 ; 2                           ;
; iopll0|iopll0_refclk                                           ; 0                           ;
; iopll0|iopll0|tennm_ph2_iopll|ref_clk0                         ; 0                           ;
; iopll0|iopll0_n_cnt_clk                                        ; 0                           ;
; iopll0|iopll0_m_cnt_clk                                        ; 0                           ;
; iopll0|iopll0_outclk0                                          ; 0                           ;
; iopll0|iopll0_outclk1                                          ; 0                           ;
+----------------------------------------------------------------+-----------------------------+
Note: Due to retiming optimizations, a clock domain may require a longer reset sequence to ensure correct functionality.  The table above indicates the minimum number of additional reset sequence cycles needed for each clock domain.


+----------------------------------------------------------------------------------------------------------------------------------------------------------------------------------------------------------------------------------------------------------------------------------------------------------------+
; Retiming Limit Summary                                                                                                                                                                                                                                                                                         ;
+----------------------------------------------------------------------------------------------------------------+-----------------------------------------------------------+-----------------------------------------------------------------------------------------------------------------------------------+
; Clock Transfer                                                                                                 ; Limiting Reason                                           ; Recommendation                                                                                                                    ;
+----------------------------------------------------------------------------------------------------------------+-----------------------------------------------------------+-----------------------------------------------------------------------------------------------------------------------------------+
; Transfer from internal_clk to iopll0|iopll0_outclk1                                                            ; Short Path/Long Path                                      ; See the Fast Forward Timing Closure Recommendations report for step-by-step suggestions for RTL changes and estimated performance ;
; Clock Domain dut|dut|coreclkout_hip_pld_clk                                                                    ; Meets timing requirements: No further analysis performed. ; None                                                                                                                              ;
; Clock Domain iopll0|iopll0_outclk1                                                                             ; Meets timing requirements: No further analysis performed. ; None                                                                                                                              ;
; Transfer from dut|dut|coreclkout_hip_pld_clk to iopll0|iopll0_outclk1                                          ; Meets timing requirements: No further analysis performed. ; None                                                                                                                              ;
; Transfer from dut|dut_avmm_clock0 to dut|dut|coreclkout_hip_pld_clk                                            ; Meets timing requirements: No further analysis performed. ; None                                                                                                                              ;
; Clock Domain pio0|pio0|pio_clkCtrl|intel_pio_clkctrl|clkdiv_inst|clock_div2                                    ; Meets timing requirements: No further analysis performed. ; None                                                                                                                              ;
; Transfer from iopll0|iopll0_outclk1 to pio0|pio0|pio_clkCtrl|intel_pio_clkctrl|clkdiv_inst|clock_div2          ; Meets timing requirements: No further analysis performed. ; None                                                                                                                              ;
; Clock Domain dut|dut_avmm_clock0                                                                               ; Meets timing requirements: No further analysis performed. ; None                                                                                                                              ;
; Transfer from dut|dut|coreclkout_hip_pld_clk to dut|dut_avmm_clock0                                            ; Meets timing requirements: No further analysis performed. ; None                                                                                                                              ;
; Transfer from pio0|pio0|pio_clkCtrl|intel_pio_clkctrl|clkdiv_inst|clock_div2 to dut|dut|coreclkout_hip_pld_clk ; Meets timing requirements: No further analysis performed. ; None                                                                                                                              ;
; Transfer from dut|dut|coreclkout_hip_pld_clk to pio0|pio0|pio_clkCtrl|intel_pio_clkctrl|clkdiv_inst|clock_div2 ; Meets timing requirements: No further analysis performed. ; None                                                                                                                              ;
+----------------------------------------------------------------------------------------------------------------+-----------------------------------------------------------+-----------------------------------------------------------------------------------------------------------------------------------+


Critical Chain Summary for Transfer from internal_clk to iopll0|iopll0_outclk1
===============================================================================
+--------------------------------------------------------------------------------------------------------------------------------------------------------------------------------------------------------------------------------------------------------------------+
; Recommendations for Critical Chain                                                                                                                                                                                                                                 ;
+--------------------------------------------------------------------------------------------------------------------------------------------------------------------------------------------------------------------------------------------------------------------+
; Recommendation                                                                                                                                                                                                                                                     ;
+--------------------------------------------------------------------------------------------------------------------------------------------------------------------------------------------------------------------------------------------------------------------+
; The critical chain is limited by: Short Path/Long Path                                                                                                                                                                                                             ;
;                                                                                                                                                                                                                                                                    ;
; Reduce the delay of 'Long Paths' in the chain                                                                                                                                                                                                                      ;
;   or insert more pipeline stages for 'Long Paths' in the chain                                                                                                                                                                                                     ;
;   or remove retiming restrictions                                                                                                                                                                                                                                  ;
;    or increase the delay (or add pipeline stages) to 'Short Paths' in the chain                                                                                                                                                                                    ;
;    Refer to <a href='https://www.intel.com/content/www/us/en/docs/programmable/683353/current/short-path-long-path.html'>Short Path / Long Path</a> in the <i>Intel Hyperflex Architecture High-Performance Design Handbook</i> for more information.              ;
;                                                                                                                                                                                                                                                                    ;
; Retiming Restriction: Boundary Port Restriction                                                                                                                                                                                                                    ;
;  Unable to retime across boundary ports:                                                                                                                                                                                                                           ;
;    auto_fab_0|auto_export_alt_sld_fab_0_alt_sld_fab_0_splitter_receive_0[0]                                                                                                                                                                                        ;
;                                                                                                                                                                                                                                                                    ;
; Retiming Restriction: Cross Partition Transfer Restriction                                                                                                                                                                                                         ;
;  Unable to retime across nodes involved in cross-partition transfers:                                                                                                                                                                                              ;
;    auto_fab_0|alt_sld_fab_0|alt_sld_fab_0|agilexconfigreset|user_reset|sdm_gpo_out_user_reset                                                                                                                                                                      ;
;    pio0|pio0|rst_ctrl|i139~0xsyn                                                                                                                                                                                                                                   ;
;                                                                                                                                                                                                                                                                    ;
; Retiming Restriction: Metastability Synchronizer                                                                                                                                                                                                                   ;
;  Add additional pipeline stages to isolate the register(s), to allow retiming optimizations to improve performance                                                                                                                                                 ;
;  or set Synchronization Register Chain Length to 1 if evaluating IP module performance                                                                                                                                                                             ;
;   dut|dut|u_pciess_p0|u_ss_rst_seq|gen_hs_req_sync[1].hs_req_sync|din_s1                                                                                                                                                                                           ;
;    Refer to <a href='https://www.intel.com/content/www/us/en/docs/programmable/683353/current/hyper-pipelining-add-pipeline-registers.html'>Hyper-Pipelining</a> in the <i>Intel Hyperflex Architecture High-Performance Design Handbook</i> for more information. ;
+--------------------------------------------------------------------------------------------------------------------------------------------------------------------------------------------------------------------------------------------------------------------+

+----------------------------------------------------------------------------------------------------------------------------------------------------------------------------------------+
; Critical Chain Details                                                                                                                                                                 ;
+----------------------+------------------------------+-------------+--------------------------------------------------------------------------------------------------------------------+
; Path Info            ; Register                     ; Register ID ; Element                                                                                                            ;
+----------------------+------------------------------+-------------+--------------------------------------------------------------------------------------------------------------------+
; Long Path (Critical) ; REG (SDM)                    ; #1          ; auto_fab_0|alt_sld_fab_0|alt_sld_fab_0|agilexconfigreset|user_reset|sdm_gpo_out_user_reset~internal_ctrl_clock.reg ;
; Long Path (Critical) ;                              ;             ; auto_fab_0|alt_sld_fab_0|alt_sld_fab_0|agilexconfigreset|user_reset|sdm_gpo_out_user_reset|gpio_o                  ;
; Long Path (Critical) ;                              ;             ; auto_fab_0|auto_export_alt_sld_fab_0_alt_sld_fab_0_splitter_receive_0[0]|input                                     ;
; Long Path (Critical) ;                              ;             ; auto_fab_0|auto_export_alt_sld_fab_0_alt_sld_fab_0_splitter_receive_0[0]                                           ;
; Long Path (Critical) ;                              ;             ; pio0|pio0|rst_ctrl|i139~0xsyn|datae                                                                                ;
; Long Path (Critical) ;                              ;             ; pio0|pio0|rst_ctrl|i139~0xsyn|combout                                                                              ;
; Long Path (Critical) ;                              ;             ; pio0|pio0|rst_ctrl|i139~0xsyn~_LAB_RE_X30_Y9_N0_I112                                                               ;
; Long Path (Critical) ;                              ;             ; pio0|pio0|rst_ctrl|i139~0xsyn~_LOCAL_INTERCONNECT_X30_Y9_N0_I41                                                    ;
; Long Path (Critical) ; Bypassed Hyper-Register      ;             ; pio0|pio0|rst_ctrl|i139~0xsyn~_BLOCK_INPUT_MUX_PASSTHROUGH_X30_Y9_N0_I59                                           ;
; Long Path (Critical) ;                              ;             ; pio0|pio0|rst_ctrl|i139~0xsyn~_LAB_RE_X30_Y9_N0_I63                                                                ;
; Long Path (Critical) ;                              ;             ; pio0|pio0|rst_ctrl|subsystem_rst_req$latch|datae                                                                   ;
; Long Path (Critical) ;                              ;             ; pio0|pio0|rst_ctrl|subsystem_rst_req$latch~cw_la_lab/laboutb[11]                                                   ;
; Long Path (Critical) ;                              ;             ; pio0|pio0|rst_ctrl|subsystem_rst_req$latch~LAB_RE_X30_Y9_N0_I120                                                   ;
; Long Path (Critical) ;                              ;             ; pio0|pio0|rst_ctrl|subsystem_rst_req$latch~R0_X30_Y9_N0_I52                                                        ;
; Long Path (Critical) ;                              ;             ; pio0|pio0|rst_ctrl|subsystem_rst_req$latch~R0_X30_Y9_N0_I48                                                        ;
; Long Path (Critical) ;                              ;             ; pio0|pio0|rst_ctrl|subsystem_rst_req$latch~R0_X30_Y9_N0_I29                                                        ;
; Long Path (Critical) ;                              ;             ; pio0|pio0|rst_ctrl|subsystem_rst_req$latch~LOCAL_INTERCONNECT_X30_Y9_N0_I74                                        ;
; Long Path (Critical) ; Bypassed Hyper-Register      ;             ; pio0|pio0|rst_ctrl|subsystem_rst_req$latch~BLOCK_INPUT_MUX_PASSTHROUGH_X30_Y9_N0_I61                               ;
; Long Path (Critical) ;                              ;             ; pio0|pio0|rst_ctrl|subsystem_rst_req$latch~LAB_RE_X30_Y9_N0_I60                                                    ;
; Long Path (Critical) ;                              ;             ; dut|dut|u_pciess_p0|u_ss_rst_seq|gen_hs_req_sync[1].hs_req_sync|din_s1|d                                           ;
; Long Path (Critical) ; REG (Metastability required) ; #2          ; dut|dut|u_pciess_p0|u_ss_rst_seq|gen_hs_req_sync[1].hs_req_sync|din_s1                                             ;
; -------------------- ; ---------------------------- ; ----------- ; ------------------------------------------------------------------------------------------------------------------ ;
; Short Path           ; REG (SDM)                    ; #1          ; auto_fab_0|alt_sld_fab_0|alt_sld_fab_0|agilexconfigreset|user_reset|sdm_gpo_out_user_reset~internal_ctrl_clock.reg ;
; Short Path           ;                              ;             ; auto_fab_0|alt_sld_fab_0|alt_sld_fab_0|agilexconfigreset|user_reset|sdm_gpo_out_user_reset|gpio_o                  ;
; Short Path           ;                              ;             ; auto_fab_0|auto_export_alt_sld_fab_0_alt_sld_fab_0_splitter_receive_0[0]|input                                     ;
; Short Path           ;                              ;             ; auto_fab_0|auto_export_alt_sld_fab_0_alt_sld_fab_0_splitter_receive_0[0]                                           ;
; Short Path           ;                              ;             ; pio0|pio0|rst_ctrl|i139~0xsyn|datae                                                                                ;
; Short Path           ;                              ;             ; pio0|pio0|rst_ctrl|i139~0xsyn|combout                                                                              ;
; Short Path           ;                              ;             ; pio0|pio0|rst_ctrl|i139~0xsyn~_LAB_RE_X30_Y9_N0_I112                                                               ;
; Short Path           ;                              ;             ; pio0|pio0|rst_ctrl|i139~0xsyn~_LOCAL_INTERCONNECT_X30_Y9_N0_I41                                                    ;
; SDC Exception        ; Bypassed Hyper-Register      ;             ; pio0|pio0|rst_ctrl|i139~0xsyn~_BLOCK_INPUT_MUX_PASSTHROUGH_X30_Y9_N0_I59                                           ;
; SDC Exception        ; Bypassed Hyper-Register      ;             ; pio0|pio0|rst_ctrl|subsystem_rst_req$latch~BLOCK_INPUT_MUX_PASSTHROUGH_X30_Y9_N0_I61                               ;
; Short Path           ; Bypassed Hyper-Register      ;             ; pio0|pio0|rst_ctrl|subsystem_rst_req$latch~BLOCK_INPUT_MUX_PASSTHROUGH_X30_Y9_N0_I61                               ;
; Short Path           ;                              ;             ; pio0|pio0|rst_ctrl|subsystem_rst_req$latch~LAB_RE_X30_Y9_N0_I60                                                    ;
; Short Path           ;                              ;             ; dut|dut|u_pciess_p0|u_ss_rst_seq|gen_hs_req_sync[1].hs_req_sync|din_s1|d                                           ;
; Short Path           ; REG (Metastability required) ; #2          ; dut|dut|u_pciess_p0|u_ss_rst_seq|gen_hs_req_sync[1].hs_req_sync|din_s1                                             ;
+----------------------+------------------------------+-------------+--------------------------------------------------------------------------------------------------------------------+



Clock Domain dut|dut|coreclkout_hip_pld_clk (Meets timing requirements: No further analysis performed.)
===============================================================================


Clock Domain iopll0|iopll0_outclk1 (Meets timing requirements: No further analysis performed.)
===============================================================================


Transfer from dut|dut|coreclkout_hip_pld_clk to iopll0|iopll0_outclk1 (Meets timing requirements: No further analysis performed.)
===============================================================================


Transfer from dut|dut_avmm_clock0 to dut|dut|coreclkout_hip_pld_clk (Meets timing requirements: No further analysis performed.)
===============================================================================


Clock Domain pio0|pio0|pio_clkCtrl|intel_pio_clkctrl|clkdiv_inst|clock_div2 (Meets timing requirements: No further analysis performed.)
===============================================================================


Transfer from iopll0|iopll0_outclk1 to pio0|pio0|pio_clkCtrl|intel_pio_clkctrl|clkdiv_inst|clock_div2 (Meets timing requirements: No further analysis performed.)
===============================================================================


Clock Domain dut|dut_avmm_clock0 (Meets timing requirements: No further analysis performed.)
===============================================================================


Transfer from dut|dut|coreclkout_hip_pld_clk to dut|dut_avmm_clock0 (Meets timing requirements: No further analysis performed.)
===============================================================================


Transfer from pio0|pio0|pio_clkCtrl|intel_pio_clkctrl|clkdiv_inst|clock_div2 to dut|dut|coreclkout_hip_pld_clk (Meets timing requirements: No further analysis performed.)
===============================================================================


Transfer from dut|dut|coreclkout_hip_pld_clk to pio0|pio0|pio_clkCtrl|intel_pio_clkctrl|clkdiv_inst|clock_div2 (Meets timing requirements: No further analysis performed.)
===============================================================================


+-------------------------------------------------------------------------------------------------------------------------------------------------------------------------------------------------------------------------------------------------------------------------------------------------------------------------------------------------------------------------------+
; Hyper-Retimer INI Usage                                                                                                                                                                                                                                                                                                                                                       ;
+----------------------+--------------------------------------------------------------------------------------------------------------------------------------------------------------------------------------------------------------------------------------------------------------------------------------------------------------------------------------------------------+
; Option               ; Usage                                                                                                                                                                                                                                                                                                                                                  ;
+----------------------+--------------------------------------------------------------------------------------------------------------------------------------------------------------------------------------------------------------------------------------------------------------------------------------------------------------------------------------------------------+
; Initialization file: ; C:/Users/152249/quartus.ini                                                                                                                                                                                                                                                                                                                            ;
; dev_password0        ; d0070c637d8802a600c03785ce4b58a984b8e9a857e1d15fb65576e0ab940decc014cb7d7518005e739d274981cf1119a8f2a52b7f8392066df1dde8122336132243233372337720010147545516555452232632360223542212222603322322340223612222332123336035544555510005255544457455                                                                                                       ;
; dev_password1        ; d0070c637d8467d216785497e7c00f870f7a1a12185e102e5e895c693de70841606151b3db1ec4beb549a81607aeb80c6aac4c0e617119e094b18f66bb013f75b5e9f6b6da0a06af0c5774b8e9a5552b222a8cb0e99122336132242223560004345534303011453104200042734042410004303255662254422556335102224555754551622233223262336032242112010010100111043410100010152020105165551101051554075444 ;
+----------------------+--------------------------------------------------------------------------------------------------------------------------------------------------------------------------------------------------------------------------------------------------------------------------------------------------------------------------------------------------------+


+-----------------+
; Retime Messages ;
+-----------------+
Info (20030): Parallel compilation is enabled and will use 14 of the 14 processors detected
Info: *******************************************************************
Info: Running Quartus Prime Fitter
    Info: Version 23.4.1 Build 205 02/08/2024 SC Pro Edition
    Info: Processing started: Wed Mar 20 17:21:04 2024
    Info: System process ID: 26860
Info: Command: quartus_fit --read_settings_files=on --write_settings_files=off pcie_ed -c pcie_ed
Info: Using INI file C:/Users/152249/quartus.ini
Info: The application is running in 'DNI' mode.
Info: qfit2_default_script.tcl version: #1
Info: Project  = pcie_ed
Info: Revision = pcie_ed
Info (17966): Starting Hyper-Retimer operations.
Info (17968): Completed Hyper-Retimer operations.
Info (18821): Fitter Hyper-Retimer operations ending: elapsed time is 00:00:07
Warning (335091): The Timing Analyzer found 2 latches that cannot be analyzed as synchronous elements. For more details, run the Check Timing command in the Timing Analyzer to see the list of unsupported latches.
Critical Warning (22304): SDC_ENTITY_FILE 'pcie_ed/altera_reset_controller_1922/synth/altera_reset_controller.sdc' was not applied. No matching entity: 'altera_reset_controller' in library: 'altera_reset_controller_1922'.
Info: TEST SOURCE FOUND dut|dut|gen_sm_qhip.u_sm_qhip|sm_pcie_hal_top_inst|pcie_hal_top|ch4_phip_inst|x_std_sm_hssi_pld_chnl_dp_0~syspll_c0.reg
Info: Getting top level source clock from node _col103 => iopll0|iopll0|tennm_ph2_iopll~io96/m31_0_30__iopll_to_dcm__pllcout[0]
Info: IP SDC: srcssip|srcssip
Info: Constrained clock divider output clock pio0|pio0|pio_clkCtrl|intel_pio_clkctrl|clkdiv_inst|clock_div1 to dut|dut|gen_sm_qhip.u_sm_qhip|sm_pcie_hal_top_inst|pcie_hal_top|ch4_phip_inst|x_std_sm_hssi_pld_chnl_dp_0|o_hio_user_rx_clk1_clk.
Info: Constrained clock divider output clock pio0|pio0|pio_clkCtrl|intel_pio_clkctrl|clkdiv_inst|clock_div2 to dut|dut|gen_sm_qhip.u_sm_qhip|sm_pcie_hal_top_inst|pcie_hal_top|ch4_phip_inst|x_std_sm_hssi_pld_chnl_dp_0|o_hio_user_rx_clk1_clk.


