------------------------------------------------------------
Timing Analyzer Summary
------------------------------------------------------------

Type  : Setup 'u0|dut|intel_pcie_gts_0|coreclkout_hip_pld_clk'
Slack : 0.233
TNS   : 0.000
Corner: Slow fix4 0C Model

Type  : Setup 'u0|iopll0|iopll_0_outclk1'
Slack : 0.238
TNS   : 0.000
Corner: Slow fix4 0C Model

Type  : Setup 'u0|pio0|intel_pcie_pio_gts_0|pio_clkCtrl|intel_pio_clkctrl|clkdiv_inst|clock_div2'
Slack : 2.488
TNS   : 0.000
Corner: Slow fix4 0C Model

Type  : Setup 'u0|dut|intel_pcie_gts_0_avmm_clock0'
Slack : 5.963
TNS   : 0.000
Corner: Slow fix4 0C Model

Type  : Hold 'u0|pio0|intel_pcie_pio_gts_0|pio_clkCtrl|intel_pio_clkctrl|clkdiv_inst|clock_div2'
Slack : 0.045
TNS   : 0.000
Corner: Slow fix4 100C Model

Type  : Hold 'u0|dut|intel_pcie_gts_0|coreclkout_hip_pld_clk'
Slack : 0.060
TNS   : 0.000
Corner: Fast fix4 0C Model

Type  : Hold 'u0|iopll0|iopll_0_outclk1'
Slack : 0.114
TNS   : 0.000
Corner: Fast fix4 0C Model

Type  : Hold 'u0|dut|intel_pcie_gts_0_avmm_clock0'
Slack : 0.119
TNS   : 0.000
Corner: Fast fix4 0C Model

Type  : Recovery 'u0|dut|intel_pcie_gts_0|coreclkout_hip_pld_clk'
Slack : -86.604
TNS   : -519.518
Corner: Slow fix4 0C Model

Type  : Recovery 'u0|iopll0|iopll_0_outclk1'
Slack : 0.083
TNS   : 0.000
Corner: Slow fix4 0C Model

Type  : Recovery 'u0|pio0|intel_pcie_pio_gts_0|pio_clkCtrl|intel_pio_clkctrl|clkdiv_inst|clock_div2'
Slack : 3.621
TNS   : 0.000
Corner: Slow fix4 0C Model

Type  : Removal 'u0|iopll0|iopll_0_outclk1'
Slack : -95.145
TNS   : -1039.218
Corner: Slow fix4 100C Model

Type  : Removal 'u0|dut|intel_pcie_gts_0|coreclkout_hip_pld_clk'
Slack : 0.192
TNS   : 0.000
Corner: Fast fix4 0C Model

Type  : Removal 'u0|pio0|intel_pcie_pio_gts_0|pio_clkCtrl|intel_pio_clkctrl|clkdiv_inst|clock_div2'
Slack : 0.289
TNS   : 0.000
Corner: Fast fix4 0C Model

Type  : Setup Data Delay 'u0|iopll0|iopll_0_outclk1'
Slack : -0.215
TNS   : -0.294
Corner: Slow fix4 0C Model

Type  : Setup Data Delay 'u0|dut|intel_pcie_gts_0|coreclkout_hip_pld_clk'
Slack : 1.701
TNS   : 0.000
Corner: Slow fix4 0C Model

Type  : Setup Data Delay 'u0|pio0|intel_pcie_pio_gts_0|pio_clkCtrl|intel_pio_clkctrl|clkdiv_inst|clock_div2'
Slack : 4.230
TNS   : 0.000
Corner: Slow fix4 0C Model

Type  : Setup Data Delay 'u0|dut|intel_pcie_gts_0_avmm_clock0'
Slack : 6.494
TNS   : 0.000
Corner: Slow fix4 0C Model

Type  : Recovery Data Delay 'u0|dut|intel_pcie_gts_0|coreclkout_hip_pld_clk'
Slack : 1.158
TNS   : 0.000
Corner: Slow fix4 0C Model

Type  : Recovery Data Delay 'u0|iopll0|iopll_0_outclk1'
Slack : 1.411
TNS   : 0.000
Corner: Slow fix4 0C Model

Type  : Recovery Data Delay 'u0|dut|intel_pcie_gts_0_avmm_clock0'
Slack : 3.474
TNS   : 0.000
Corner: Slow fix4 0C Model

Type  : Minimum Pulse Width 'u0|dut|intel_pcie_gts_0_avmm_clock0'
Slack : 0.000
TNS   : 0.000
Corner: Slow fix4 100C Model

Type  : Minimum Pulse Width 'u0|dut|intel_pcie_gts_0|coreclkout_hip_pld_clk'
Slack : 0.666
TNS   : 0.000
Corner: Slow fix4 100C Model

Type  : Minimum Pulse Width 'u0|iopll0|iopll_0_outclk1'
Slack : 0.812
TNS   : 0.000
Corner: Slow fix4 0C Model

Type  : Minimum Pulse Width 'u0|dut|intel_pcie_gts_0|coreclkout_hip_pld_clk_reg'
Slack : 1.029
TNS   : 0.000
Corner: Slow fix4 100C Model

Type  : Minimum Pulse Width 'u0|iopll0|iopll_0_outclk0'
Slack : 1.329
TNS   : 0.000
Corner: Slow fix4 0C Model

Type  : Minimum Pulse Width 'u0|pio0|intel_pcie_pio_gts_0|pio_clkCtrl|intel_pio_clkctrl|clkdiv_inst|clock_div2'
Slack : 2.357
TNS   : 0.000
Corner: Slow fix4 0C Model

Type  : Minimum Pulse Width 'internal_clk'
Slack : 2.415
TNS   : 0.000
Corner: Slow fix4 0C Model

Type  : Minimum Pulse Width 'u0|iopll0|iopll_0|tennm_ph2_iopll|ref_clk0'
Slack : 18.963
TNS   : 0.000
Corner: Slow fix4 0C Model

Type  : Minimum Pulse Width 'u0|iopll0|iopll_0_refclk'
Slack : 19.809
TNS   : 0.000
Corner: Slow fix4 100C Model

Type  : Minimum Pulse Width 'u0|iopll0|iopll_0_n_cnt_clk'
Slack : 19.925
TNS   : 0.000
Corner: Slow fix4 0C Model

Type  : Minimum Pulse Width 'u0|iopll0|iopll_0_m_cnt_clk'
Slack : 1399.644
TNS   : 0.000
Corner: Slow fix4 0C Model

Type  : Slow fix4 100C Model Max Skew 'set_max_skew'
Slack : 1.695

Type  : Slow fix4 100C Model Max Skew 'set_max_skew'
Slack : 1.716

Type  : Slow fix4 100C Model Max Skew 'set_max_skew'
Slack : 1.736

Type  : Slow fix4 100C Model Max Skew 'set_max_skew'
Slack : 1.836

Type  : Slow fix4 100C Model Max Skew 'set_max_skew'
Slack : 1.878

Type  : Slow fix4 100C Model Max Skew 'set_max_skew'
Slack : 1.906

Type  : Slow fix4 100C Model Max Skew 'set_max_skew'
Slack : 1.918

Type  : Slow fix4 100C Model Max Skew 'set_max_skew'
Slack : 1.924

Type  : Slow fix4 100C Model Max Skew 'set_max_skew'
Slack : 1.940

Type  : Slow fix4 100C Model Max Skew 'set_max_skew'
Slack : 1.940

Type  : Slow fix4 100C Model Max Skew 'set_max_skew'
Slack : 1.953

Type  : Slow fix4 100C Model Max Skew 'set_max_skew'
Slack : 1.960

Type  : Slow fix4 100C Model Max Skew 'set_max_skew'
Slack : 1.960

Type  : Slow fix4 100C Model Max Skew 'set_max_skew'
Slack : 1.974

Type  : Slow fix4 100C Model Max Skew 'set_max_skew'
Slack : 1.983

Type  : Slow fix4 100C Model Max Skew 'set_max_skew'
Slack : 4.177

Type  : Slow fix4 100C Model Max Skew 'set_max_skew'
Slack : 4.177

Type  : Slow fix4 100C Model Max Skew 'set_max_skew'
Slack : 4.182

Type  : Slow fix4 100C Model Max Skew 'set_max_skew'
Slack : 4.219

Type  : Slow fix4 100C Model Max Skew 'set_max_skew'
Slack : 4.219

Type  : Slow fix4 0C Model Max Skew 'set_max_skew'
Slack : 1.611

Type  : Slow fix4 0C Model Max Skew 'set_max_skew'
Slack : 1.638

Type  : Slow fix4 0C Model Max Skew 'set_max_skew'
Slack : 1.677

Type  : Slow fix4 0C Model Max Skew 'set_max_skew'
Slack : 1.769

Type  : Slow fix4 0C Model Max Skew 'set_max_skew'
Slack : 1.805

Type  : Slow fix4 0C Model Max Skew 'set_max_skew'
Slack : 1.840

Type  : Slow fix4 0C Model Max Skew 'set_max_skew'
Slack : 1.850

Type  : Slow fix4 0C Model Max Skew 'set_max_skew'
Slack : 1.866

Type  : Slow fix4 0C Model Max Skew 'set_max_skew'
Slack : 1.882

Type  : Slow fix4 0C Model Max Skew 'set_max_skew'
Slack : 1.883

Type  : Slow fix4 0C Model Max Skew 'set_max_skew'
Slack : 1.883

Type  : Slow fix4 0C Model Max Skew 'set_max_skew'
Slack : 1.893

Type  : Slow fix4 0C Model Max Skew 'set_max_skew'
Slack : 1.893

Type  : Slow fix4 0C Model Max Skew 'set_max_skew'
Slack : 1.910

Type  : Slow fix4 0C Model Max Skew 'set_max_skew'
Slack : 1.917

Type  : Slow fix4 0C Model Max Skew 'set_max_skew'
Slack : 4.107

Type  : Slow fix4 0C Model Max Skew 'set_max_skew'
Slack : 4.107

Type  : Slow fix4 0C Model Max Skew 'set_max_skew'
Slack : 4.118

Type  : Slow fix4 0C Model Max Skew 'set_max_skew'
Slack : 4.163

Type  : Slow fix4 0C Model Max Skew 'set_max_skew'
Slack : 4.163

Type  : Fast fix4 0C Model Max Skew 'set_max_skew'
Slack : 1.930

Type  : Fast fix4 0C Model Max Skew 'set_max_skew'
Slack : 1.994

Type  : Fast fix4 0C Model Max Skew 'set_max_skew'
Slack : 2.007

Type  : Fast fix4 0C Model Max Skew 'set_max_skew'
Slack : 2.038

Type  : Fast fix4 0C Model Max Skew 'set_max_skew'
Slack : 2.048

Type  : Fast fix4 0C Model Max Skew 'set_max_skew'
Slack : 2.080

Type  : Fast fix4 0C Model Max Skew 'set_max_skew'
Slack : 2.106

Type  : Fast fix4 0C Model Max Skew 'set_max_skew'
Slack : 2.108

Type  : Fast fix4 0C Model Max Skew 'set_max_skew'
Slack : 2.108

Type  : Fast fix4 0C Model Max Skew 'set_max_skew'
Slack : 2.116

Type  : Fast fix4 0C Model Max Skew 'set_max_skew'
Slack : 2.128

Type  : Fast fix4 0C Model Max Skew 'set_max_skew'
Slack : 2.130

Type  : Fast fix4 0C Model Max Skew 'set_max_skew'
Slack : 2.134

Type  : Fast fix4 0C Model Max Skew 'set_max_skew'
Slack : 2.142

Type  : Fast fix4 0C Model Max Skew 'set_max_skew'
Slack : 2.142

Type  : Fast fix4 0C Model Max Skew 'set_max_skew'
Slack : 4.378

Type  : Fast fix4 0C Model Max Skew 'set_max_skew'
Slack : 4.378

Type  : Fast fix4 0C Model Max Skew 'set_max_skew'
Slack : 4.387

Type  : Fast fix4 0C Model Max Skew 'set_max_skew'
Slack : 4.391

Type  : Fast fix4 0C Model Max Skew 'set_max_skew'
Slack : 4.391

Type  : Fast fix4 100C Model Max Skew 'set_max_skew'
Slack : 1.914

Type  : Fast fix4 100C Model Max Skew 'set_max_skew'
Slack : 1.979

Type  : Fast fix4 100C Model Max Skew 'set_max_skew'
Slack : 1.996

Type  : Fast fix4 100C Model Max Skew 'set_max_skew'
Slack : 2.036

Type  : Fast fix4 100C Model Max Skew 'set_max_skew'
Slack : 2.047

Type  : Fast fix4 100C Model Max Skew 'set_max_skew'
Slack : 2.075

Type  : Fast fix4 100C Model Max Skew 'set_max_skew'
Slack : 2.085

Type  : Fast fix4 100C Model Max Skew 'set_max_skew'
Slack : 2.085

Type  : Fast fix4 100C Model Max Skew 'set_max_skew'
Slack : 2.087

Type  : Fast fix4 100C Model Max Skew 'set_max_skew'
Slack : 2.107

Type  : Fast fix4 100C Model Max Skew 'set_max_skew'
Slack : 2.127

Type  : Fast fix4 100C Model Max Skew 'set_max_skew'
Slack : 2.129

Type  : Fast fix4 100C Model Max Skew 'set_max_skew'
Slack : 2.130

Type  : Fast fix4 100C Model Max Skew 'set_max_skew'
Slack : 2.135

Type  : Fast fix4 100C Model Max Skew 'set_max_skew'
Slack : 2.135

Type  : Fast fix4 100C Model Max Skew 'set_max_skew'
Slack : 4.370

Type  : Fast fix4 100C Model Max Skew 'set_max_skew'
Slack : 4.370

Type  : Fast fix4 100C Model Max Skew 'set_max_skew'
Slack : 4.372

Type  : Fast fix4 100C Model Max Skew 'set_max_skew'
Slack : 4.372

Type  : Fast fix4 100C Model Max Skew 'set_max_skew'
Slack : 4.377

Type  : Net Delay 'set_net_delay'
Slack : 1.473

Type  : Net Delay 'set_net_delay'
Slack : 1.473

Type  : Net Delay 'set_net_delay'
Slack : 1.494

Type  : Net Delay 'set_net_delay'
Slack : 1.494

Type  : Net Delay 'set_net_delay'
Slack : 1.504

Type  : Net Delay 'set_net_delay'
Slack : 1.507

Type  : Net Delay 'set_net_delay'
Slack : 1.509

Type  : Net Delay 'set_net_delay'
Slack : 1.511

Type  : Net Delay 'set_net_delay'
Slack : 1.525

Type  : Net Delay 'set_net_delay'
Slack : 1.530

Type  : Net Delay 'set_net_delay'
Slack : 1.538

Type  : Net Delay 'set_net_delay'
Slack : 1.580

Type  : Net Delay 'set_net_delay'
Slack : 1.590

Type  : Net Delay 'set_net_delay'
Slack : 1.656

Type  : Net Delay 'set_net_delay'
Slack : 1.656

Type  : Net Delay 'set_net_delay'
Slack : 1.657

Type  : Net Delay 'set_net_delay'
Slack : 1.657

Type  : Net Delay 'set_net_delay'
Slack : 1.672

Type  : Net Delay 'set_net_delay'
Slack : 1.682

Type  : Net Delay 'set_net_delay'
Slack : 1.701

Type  : Net Delay 'set_net_delay'
Slack : 1.718

Type  : Net Delay 'set_net_delay'
Slack : 1.725

Type  : Net Delay 'set_net_delay'
Slack : 1.769

Type  : Net Delay 'set_net_delay'
Slack : 1.781

Type  : Net Delay 'set_net_delay'
Slack : 1.808

Type  : Net Delay 'set_net_delay'
Slack : 1.809

Type  : Net Delay 'set_net_delay'
Slack : 3.365

Type  : Net Delay 'set_net_delay'
Slack : 3.378

Type  : Net Delay 'set_net_delay'
Slack : 3.763

Type  : Net Delay 'set_net_delay'
Slack : 3.763

Type  : Net Delay 'set_net_delay'
Slack : 3.861

Type  : Net Delay 'set_net_delay'
Slack : 3.861

Type  : Net Delay 'set_net_delay'
Slack : 3.937

Type  : Net Delay 'set_net_delay'
Slack : 3.937

Type  : Net Delay 'set_net_delay'
Slack : 4.094

Type  : Net Delay 'set_net_delay'
Slack : 4.094

Type  : Net Delay 'set_net_delay'
Slack : 4.121

------------------------------------------------------------
