Assembler report for pcie_example
Thu Mar 21 08:03:48 2024
Quartus Prime Version 23.4.1 Build 205 02/08/2024 SC Pro Edition


---------------------
; Table of Contents ;
---------------------
  1. Legal Notice
  2. Assembler Summary
  3. Assembler Settings
  4. Assembler Messages
  5. Assembler INI Usage



----------------
; Legal Notice ;
----------------
Copyright (C) 2024  Intel Corporation. All rights reserved.
Your use of Intel Corporation's design tools, logic functions 
and other software and tools, and any partner logic 
functions, and any output files from any of the foregoing 
(including device programming or simulation files), and any 
associated documentation or information are expressly subject 
to the terms and conditions of the Intel Program License 
Subscription Agreement, the Intel Quartus Prime License Agreement,
the Intel FPGA IP License Agreement, or other applicable license
agreement, including, without limitation, that your use is for
the sole purpose of programming logic devices manufactured by
Intel and sold by Intel or its authorized distributors.  Please
refer to the Intel FPGA Software License Subscription Agreements 
on the Quartus Prime software download page.



+---------------------------------------------------------------+
; Assembler Summary                                             ;
+-----------------------+---------------------------------------+
; Assembler Status      ; Successful - Thu Mar 21 08:03:48 2024 ;
; Revision Name         ; pcie_example                          ;
; Top-level Entity Name ; pcie_example_top                      ;
; Family                ; Agilex 5                              ;
; Device                ; A5ED065BB32AE4S                       ;
; Timing Models         ; Preliminary                           ;
; Power Models          ; Preliminary                           ;
; Device Status         ; Advance                               ;
+-----------------------+---------------------------------------+


+------------------------------------------------------------------------------------------------------------+
; Assembler Settings                                                                                         ;
+------------------------------------------------------------------+--------------------+--------------------+
; Option                                                           ; Setting            ; Default Value      ;
+------------------------------------------------------------------+--------------------+--------------------+
; Enable parallel Assembler and Timing Analyzer during compilation ; On                 ; On                 ;
; Enable compact report table                                      ; Off                ; Off                ;
; Enable Design Assistant in the compilation flow                  ; On                 ; On                 ;
; Design Assistant include IP blocks                               ; Off                ; Off                ;
; High fanout net threshold for RAM inference                      ; 15                 ; 15                 ;
; Design Assistant limit on reported violations per rule           ; 5000               ; 5000               ;
; Allow RAM Retiming                                               ; Off                ; Off                ;
; Allow DSP Retiming                                               ; Off                ; Off                ;
; Voltage output format                                            ; Linear format      ; Auto discovery     ;
; Linear format N                                                  ; -12                ; 0                  ;
; Auto user code                                                   ; On                 ; On                 ;
; Configuration device                                             ; Auto               ; Auto               ;
; Voltage stable delay                                             ; 10                 ; 10                 ;
; FPGA release delay                                               ; 10                 ; 10                 ;
; Initial delay                                                    ; 0                  ; 0                  ;
; Bus speed mode                                                   ; 100 KHz            ; 100 KHz            ;
; Slave device type                                                ; LTM4677            ; LTM4677            ;
; Device address in PMBus Slave mode                               ; 00                 ; 00                 ;
; PMBus device 0 slave address                                     ; 00                 ; 00                 ;
; PMBus device 1 slave address                                     ; 00                 ; 00                 ;
; PMBus device 2 slave address                                     ; 00                 ; 00                 ;
; PMBus device 3 slave address                                     ; 00                 ; 00                 ;
; PMBus device 4 slave address                                     ; 00                 ; 00                 ;
; PMBus device 5 slave address                                     ; 00                 ; 00                 ;
; PMBus device 6 slave address                                     ; 00                 ; 00                 ;
; PMBus device 7 slave address                                     ; 00                 ; 00                 ;
; Direct format coefficient m                                      ; 0                  ; 0                  ;
; Direct format coefficient b                                      ; 0                  ; 0                  ;
; Direct format coefficient R                                      ; 0                  ; 0                  ;
; Translated voltage value unit                                    ; Volts              ; Volts              ;
; obsolete - Data setup time in nanoseconds                        ; 0                  ; 0                  ;
; obsolete - Data hold time in nanoseconds                         ; 0                  ; 0                  ;
; obsolete - Clock/data fall time in nanoseconds                   ; 0                  ; 0                  ;
; obsolete - Clock/data rise time in nanoseconds                   ; 0                  ; 0                  ;
; Enable PAGE command                                              ; Off                ; Off                ;
; VOUT reading error margin index                                  ; 8                  ; 8                  ;
; Configuration device auto user code                              ; Off                ; Off                ;
; Generate Partial Reconfiguration Raw Binary File (.rbf)          ; On                 ; On                 ;
; HPS/FPGA configuration order                                     ; After INIT_DONE    ; After INIT_DONE    ;
; HPS debug access port (DAP)                                      ; Disabled           ; Disabled           ;
; Enable configuration bitstream encryption                        ; Off                ; Off                ;
; Encryption key storage location                                  ; Battery Backup RAM ; Battery Backup RAM ;
; Allow HPS debug without certificate                              ; Off                ; Off                ;
; Remote system update max retry count                             ; 1                  ; 1                  ;
; Disable JTAG                                                     ; Off                ; Off                ;
; Force SDM clock to internal oscillator                           ; Off                ; Off                ;
; Disable virtual eFuses                                           ; Off                ; Off                ;
; Lock security eFuses                                             ; Off                ; Off                ;
; Disable HPS debug                                                ; Off                ; Off                ;
; Disable encryption key in eFuses                                 ; Off                ; Off                ;
; Disable encryption key in BBRAM                                  ; Off                ; Off                ;
; Disable Intrinsic ID PUF-wrapped encryption key in Quad SPI      ; Off                ; Off                ;
; Enable frequency tamper detection                                ; Off                ; Off                ;
; Enable temperature tamper detection                              ; Off                ; Off                ;
; Enable voltage tamper detection                                  ; Off                ; Off                ;
; Anti-tamper response                                             ; Disabled           ; Disabled           ;
; Frequency tamper detection range                                 ; 35                 ; 35                 ;
; Temperature tamper upper bound                                   ; 110                ; 110                ;
; Temperature tamper lower bound                                   ; -40                ; -40                ;
; Enable VCCL voltage tamper detection                             ; Off                ; Off                ;
; Enable VCCL SDM voltage tamper detection                         ; Off                ; Off                ;
; Enable VCCL HPS voltage tamper detection                         ; Off                ; Off                ;
; Voltage tamper detection trigger                                 ; 15                 ; 15                 ;
; VCCL voltage difference in percentage                            ; 0                  ; 0                  ;
; VCCL_SDM voltage difference in percentage                        ; 0                  ; 0                  ;
; Run configuration CPU from internal oscillator                   ; Off                ; Off                ;
; Generate compressed sof                                          ; On                 ; On                 ;
; PAGE command payload                                             ; 255                ; 255                ;
; Enable partial reconfiguration bitstream encryption              ; Off                ; Off                ;
; Enable AliasL1 certificate                                       ; Off                ; Off                ;
; Enable multi-authority                                           ; Off                ; Off                ;
; Enable device self-kill                                          ; Off                ; Off                ;
; Enable device self-kill                                          ; Off                ; Off                ;
; Enable device self-kill                                          ; Off                ; Off                ;
; Enable device self-kill                                          ; Off                ; Off                ;
; Enable external voltage reference                                ; Off                ; Off                ;
; Generate programming files                                       ; Off                ; Off                ;
; Temperature threshold value                                      ; 120                ; 120                ;
; Enable external scrubbing                                        ; Off                ; Off                ;
; Enable status_byte for polling                                   ; On                 ; On                 ;
; SEU detected pin behavior                                        ; Only uncorrectable ; Only uncorrectable ;
+------------------------------------------------------------------+--------------------+--------------------+


+--------------------+
; Assembler Messages ;
+--------------------+
Info: *******************************************************************
Info: Running Quartus Prime Assembler
    Info: Version 23.4.1 Build 205 02/08/2024 SC Pro Edition
    Info: Processing started: Thu Mar 21 08:03:28 2024
    Info: System process ID: 34240
Info: Command: quartus_asm --read_settings_files=on --write_settings_files=off pcie_example -c pcie_example
Info: Using INI file C:/projects/axe5_eagle/pcie/quartus.ini
Info: The application is running in 'DNI' mode.
Info (16677): Loading final database.
Info (16734): Loading "final" snapshot for partition "root_partition".
Info (16734): Loading "final" snapshot for partition "auto_fab_0".
Info (16678): Successfully loaded final database: elapsed time is 00:00:06.
Info (22889): This design was generated using the DNI flow.
Critical Warning (18636): Compilation Report contains advance information. Specifications for device A5ED065BB32AE4S are subject to change. Contact Intel for information on availability. No programming file will be generated.
Info: Quartus Prime Assembler was successful. 0 errors, 1 warning
    Info: Peak virtual memory: 1394 megabytes
    Info: Processing ended: Thu Mar 21 08:03:49 2024
    Info: Elapsed time: 00:00:21
    Info: System process ID: 34240


+-------------------------------------------------------------------------------------------------------------------------------------------------------------------------------------------------------------------------------------------------------------------------------------------------------------------------------------------------------------------------------------------+
; Assembler INI Usage                                                                                                                                                                                                                                                                                                                                                                       ;
+----------------------+--------------------------------------------------------------------------------------------------------------------------------------------------------------------------------------------------------------------------------------------------------------------------------------------------------------------------------------------------------------------+
; Option               ; Usage                                                                                                                                                                                                                                                                                                                                                              ;
+----------------------+--------------------------------------------------------------------------------------------------------------------------------------------------------------------------------------------------------------------------------------------------------------------------------------------------------------------------------------------------------------------+
; Initialization file: ; C:/projects/axe5_eagle/pcie/quartus.ini                                                                                                                                                                                                                                                                                                                            ;
; dev_password0        ; b0fa39c9776827f49d7b4e8b1904c14a3ab2bd5c802ac4a85cfc9715f9c2ef4023227022333522262337122342002004517223232332650043055454475545                                                                                                                                                                                                                                     ;
; dev_password1        ; d0070c637d8802a600c03785ce4b58a7ec51c7233056655ec0f93b614c992bc61e9061a18c23d613b2e03446a97416c3a81767754cdeb614f1f064a7ae706a008fa825e4fbc0848b09ae6e4619a8f2a88c2bf2fde932f961223361322432333723377200101475343420015001005142714001410305327055243255562556135532227545516555432222623260332332272010430052000005043430143010253004305544550041051754445447     ;
; dev_password2        ; d0070c637d8802a600c03785ce4b58a7ec51c7233056914f0049153f75a86bf8030a85c4a964c63e8d72a17a0984484782f240e9fb12575a10e51496746b647fa5f740c00c6500c5c54683521758f2a52602757b11ed261d9122336132243233372337720010147534342001500104710000334100430004713354352251522172334522024551655544522262227022322230242153000143100401001010042030152430004455554001475555455644 ;
; dev_password3        ; d0070c637d8467d216785497e7c00f870f7a1ae6099ea00000b06d2903fa92a5054416a3f621562b89e9584883845d2bf61b80ef2f900c90a56b9468c42b6010911e533294c6ee42185984b8e40f7caca4d2530591223361322422235600043455343030114531000042330000030105323154256155533552375526025545557545561222333222732270252010020153530000143014142430053000204551650010055514451645                 ;
; dev_password4        ; d0070c637d8467d216785497e7c00f870f7a1a12185e102e5e895c693de70841606151b3db1ec4beb549a81607aeb80c6aac4c0e617119e094b18f66bb013f75b5e9f6b6da0a06af0c5774b8e9a5552b222a8cdae99122336132242223560004345534303011453104200042734042410004303255662254422556335102224555754551622233223262336032242112010010100111043410100010152020105165551101051554075444             ;
+----------------------+--------------------------------------------------------------------------------------------------------------------------------------------------------------------------------------------------------------------------------------------------------------------------------------------------------------------------------------------------------------------+


