Flow report for pcie_example
Thu Mar 21 08:03:48 2024
Quartus Prime Version 23.4.1 Build 205 02/08/2024 SC Pro Edition


---------------------
; Table of Contents ;
---------------------
  1. Legal Notice
  2. Flow Summary
  3. Flow Settings
  4. Flow Non-Default Global Settings
  5. Flow Elapsed Time
  6. Flow OS Summary
  7. Flow Log



----------------
; Legal Notice ;
----------------
Copyright (C) 2024  Intel Corporation. All rights reserved.
Your use of Intel Corporation's design tools, logic functions 
and other software and tools, and any partner logic 
functions, and any output files from any of the foregoing 
(including device programming or simulation files), and any 
associated documentation or information are expressly subject 
to the terms and conditions of the Intel Program License 
Subscription Agreement, the Intel Quartus Prime License Agreement,
the Intel FPGA IP License Agreement, or other applicable license
agreement, including, without limitation, that your use is for
the sole purpose of programming logic devices manufactured by
Intel and sold by Intel or its authorized distributors.  Please
refer to the Intel FPGA Software License Subscription Agreements 
on the Quartus Prime software download page.



+------------------------------------------------------------------------------+
; Flow Summary                                                                 ;
+---------------------------------+--------------------------------------------+
; Flow Status                     ; Successful - Thu Mar 21 08:03:48 2024      ;
; Quartus Prime Version           ; 23.4.1 Build 205 02/08/2024 SC Pro Edition ;
; Revision Name                   ; pcie_example                               ;
; Top-level Entity Name           ; pcie_example_top                           ;
; Family                          ; Agilex 5                                   ;
; Device                          ; A5ED065BB32AE4S                            ;
; Timing Models                   ; Preliminary                                ;
; Power Models                    ; Preliminary                                ;
; Device Status                   ; Advance                                    ;
; Logic utilization (in ALMs)     ; 10,598 / 222,400 ( 5 % )                   ;
; Total dedicated logic registers ; 27713                                      ;
; Total pins                      ; 38 / 624 ( 6 % )                           ;
; Total block memory bits         ; 1,071,912 / 32,993,280 ( 3 % )             ;
; Total RAM Blocks                ; 186 / 1,611 ( 12 % )                       ;
; Total DSP Blocks                ; 0 / 846 ( 0 % )                            ;
; Total GTS Transceiver Channels  ; 4 / 24 ( 17 % )                            ;
; Total HSSI Ethernet Channels    ; 0 / 6 ( 0 % )                              ;
; Total HSSI PCIEs                ; 1 / 6 ( 17 % )                             ;
; Total HSSI HPS                  ; 0 / 1 ( 0 % )                              ;
; Total PLLs                      ; 1 / 15 ( 7 % )                             ;
+---------------------------------+--------------------------------------------+


+-----------------------------------------+
; Flow Settings                           ;
+-------------------+---------------------+
; Option            ; Setting             ;
+-------------------+---------------------+
; Start date & time ; 03/21/2024 07:50:37 ;
; Main task         ; Compilation         ;
; Revision Name     ; pcie_example        ;
+-------------------+---------------------+


+----------------------------------------------------------------------------------------------------------------------------------------------------------------------------------+
; Flow Non-Default Global Settings                                                                                                                                                 ;
+----------------------------+----------------------------------------------------------------------------------------------------------+---------------+-------------+------------+
; Assignment Name            ; Value                                                                                                    ; Default Value ; Entity Name ; Section Id ;
+----------------------------+----------------------------------------------------------------------------------------------------------+---------------+-------------+------------+
; COMPILER_SIGNATURE_ID      ; 110266802119529.171102559026256                                                                          ; --            ; --          ; --         ;
; MAX_CORE_JUNCTION_TEMP     ; 100                                                                                                      ; --            ; --          ; --         ;
; MIN_CORE_JUNCTION_TEMP     ; 0                                                                                                        ; --            ; --          ; --         ;
; MISC_FILE                  ; C:/projects/axe5_eagle/pcie/ip/system/mem0/mem0.cmp                                                      ; --            ; --          ; --         ;
; MISC_FILE                  ; C:/projects/axe5_eagle/pcie/ip/system/mem0.ip                                                            ; --            ; --          ; --         ;
; MISC_FILE                  ; C:/projects/axe5_eagle/pcie/ip/system/resetIP/resetIP.cmp                                                ; --            ; --          ; --         ;
; MISC_FILE                  ; C:/projects/axe5_eagle/pcie/ip/system/resetIP.ip                                                         ; --            ; --          ; --         ;
; MISC_FILE                  ; C:/projects/axe5_eagle/pcie/ip/system/system_intel_pcie_gts_0/system_intel_pcie_gts_0.cmp                ; --            ; --          ; --         ;
; MISC_FILE                  ; C:/projects/axe5_eagle/pcie/ip/system/system_intel_pcie_gts_0.ip                                         ; --            ; --          ; --         ;
; MISC_FILE                  ; C:/projects/axe5_eagle/pcie/ip/system/system_intel_pcie_pio_gts_0/system_intel_pcie_pio_gts_0.cmp        ; --            ; --          ; --         ;
; MISC_FILE                  ; C:/projects/axe5_eagle/pcie/ip/system/system_intel_pcie_pio_gts_0.ip                                     ; --            ; --          ; --         ;
; MISC_FILE                  ; C:/projects/axe5_eagle/pcie/ip/system/system_intel_srcss_gts_0/system_intel_srcss_gts_0.cmp              ; --            ; --          ; --         ;
; MISC_FILE                  ; C:/projects/axe5_eagle/pcie/ip/system/system_intel_srcss_gts_0.ip                                        ; --            ; --          ; --         ;
; MISC_FILE                  ; C:/projects/axe5_eagle/pcie/ip/system/system_intel_systemclk_gts_0/system_intel_systemclk_gts_0.cmp      ; --            ; --          ; --         ;
; MISC_FILE                  ; C:/projects/axe5_eagle/pcie/ip/system/system_intel_systemclk_gts_0.ip                                    ; --            ; --          ; --         ;
; MISC_FILE                  ; C:/projects/axe5_eagle/pcie/ip/system/system_iopll_0/system_iopll_0.cmp                                  ; --            ; --          ; --         ;
; MISC_FILE                  ; C:/projects/axe5_eagle/pcie/ip/system/system_iopll_0.ip                                                  ; --            ; --          ; --         ;
; MISC_FILE                  ; C:/projects/axe5_eagle/pcie/sandboxes/26256_0/sld/ipgen/alt_sld_fab_0/alt_sld_fab_0.cmp                  ; --            ; --          ; --         ;
; MISC_FILE                  ; C:/projects/axe5_eagle/pcie/sandboxes/26256_0/sld/ipgen/alt_sld_fab_0.ip                                 ; --            ; --          ; --         ;
; MISC_FILE                  ; C:/projects/axe5_eagle/pcie/system/system.cmp                                                            ; --            ; --          ; --         ;
; MISC_FILE                  ; C:/projects/axe5_eagle/pcie/system.qsys                                                                  ; --            ; --          ; --         ;
; POWER_APPLY_THERMAL_MARGIN ; ADDITIONAL                                                                                               ; Off           ; --          ; --         ;
; PROJECT_OUTPUT_DIRECTORY   ; C:/projects/axe5_eagle/pcie/output_files                                                                 ; --            ; --          ; --         ;
; SOPCINFO_FILE              ; C:/projects/axe5_eagle/pcie/ip/system/mem0/mem0.sopcinfo                                                 ; --            ; --          ; --         ;
; SOPCINFO_FILE              ; C:/projects/axe5_eagle/pcie/ip/system/resetIP/resetIP.sopcinfo                                           ; --            ; --          ; --         ;
; SOPCINFO_FILE              ; C:/projects/axe5_eagle/pcie/ip/system/system_intel_pcie_gts_0/system_intel_pcie_gts_0.sopcinfo           ; --            ; --          ; --         ;
; SOPCINFO_FILE              ; C:/projects/axe5_eagle/pcie/ip/system/system_intel_pcie_pio_gts_0/system_intel_pcie_pio_gts_0.sopcinfo   ; --            ; --          ; --         ;
; SOPCINFO_FILE              ; C:/projects/axe5_eagle/pcie/ip/system/system_intel_srcss_gts_0/system_intel_srcss_gts_0.sopcinfo         ; --            ; --          ; --         ;
; SOPCINFO_FILE              ; C:/projects/axe5_eagle/pcie/ip/system/system_intel_systemclk_gts_0/system_intel_systemclk_gts_0.sopcinfo ; --            ; --          ; --         ;
; SOPCINFO_FILE              ; C:/projects/axe5_eagle/pcie/ip/system/system_iopll_0/system_iopll_0.sopcinfo                             ; --            ; --          ; --         ;
; SOPCINFO_FILE              ; C:/projects/axe5_eagle/pcie/sandboxes/26256_0/sld/ipgen/alt_sld_fab_0/alt_sld_fab_0.sopcinfo             ; --            ; --          ; --         ;
; SOPCINFO_FILE              ; C:/projects/axe5_eagle/pcie/system/system.sopcinfo                                                       ; --            ; --          ; --         ;
; TOP_LEVEL_ENTITY           ; pcie_example_top                                                                                         ; pcie_example  ; --          ; --         ;
+----------------------------+----------------------------------------------------------------------------------------------------------+---------------+-------------+------------+


+------------------------------------------------------------------------------------------+
; Flow Elapsed Time                                                                        ;
+-----------------------------------------------------+--------------+---------------------+
; Module Name                                         ; Elapsed Time ; Peak Virtual Memory ;
+-----------------------------------------------------+--------------+---------------------+
; Synthesis (Analysis & Elaboration, Logic Synthesis) ; 00:03:29     ; 1867 MB             ;
; Fitter                                              ; 00:08:53     ; 8906 MB             ;
; Timing Analyzer                                     ; 00:00:24     ; 2128 MB             ;
; Assembler                                           ; 00:00:20     ; 1265 MB             ;
; Total                                               ; 00:13:06     ; --                  ;
+-----------------------------------------------------+--------------+---------------------+


+-------------------------------------------------------------------------------------------------------------------+
; Flow OS Summary                                                                                                   ;
+-----------------------------------------------------+------------------+------------+------------+----------------+
; Module Name                                         ; Machine Hostname ; OS Name    ; OS Version ; Processor type ;
+-----------------------------------------------------+------------------+------------+------------+----------------+
; Synthesis (Analysis & Elaboration, Logic Synthesis) ; 8GZ15X3          ; Windows 11 ; 10.0.22621 ; x86_64         ;
; Fitter                                              ; 8GZ15X3          ; Windows 11 ; 10.0.22621 ; x86_64         ;
; Timing Analyzer                                     ; 8GZ15X3          ; Windows 11 ; 10.0.22621 ; x86_64         ;
; Assembler                                           ; 8GZ15X3          ; Windows 11 ; 10.0.22621 ; x86_64         ;
+-----------------------------------------------------+------------------+------------+------------+----------------+


------------
; Flow Log ;
------------
quartus_syn --dni --read_settings_files=on --write_settings_files=off --analysis_and_elaboration pcie_example -c pcie_example --synthesis
quartus_fit --read_settings_files=on --write_settings_files=off pcie_example -c pcie_example
quartus_sta pcie_example -c pcie_example --mode=finalize
quartus_asm --read_settings_files=on --write_settings_files=off pcie_example -c pcie_example



